-----------
Initializing structure...
time for choose_chunkdivision = 0.000170231 s
Working in 3D dimensions.
Computational cell is 0.005 x 0.005 x 12 with resolution 200
time for set_epsilon = 0.0109138 s
-----------
Meep: using complex fields.
on time step 6427 (time=16.0675), 0.00062244 s/step
on time step 13018 (time=32.545), 0.000606935 s/step
on time step 19608 (time=49.02), 0.000607029 s/step
field decay(t = 50.0025): 0.2468034654713927 / 0.2468034654713927 = 1.0
on time step 26205 (time=65.5125), 0.000606371 s/step
on time step 32802 (time=82.005), 0.000606387 s/step
on time step 39422 (time=98.555), 0.000604254 s/step
field decay(t = 100.0025): 1.0108276829186919e-13 / 0.2468034654713927 = 4.095678644495606e-13
run 0 finished at t = 100.0025 (40001 timesteps)
-----------
Initializing structure...
time for choose_chunkdivision = 0.000146866 s
Working in 3D dimensions.
Computational cell is 0.005 x 0.005 x 12 with resolution 200
     block, center = (0,0,3)
          size (1e+20,1e+20,6)
          axes (1,0,0), (0,1,0), (0,0,1)
          dielectric constant epsilon diagonal = (12.25,12.25,12.25)
time for set_epsilon = 0.0228341 s
-----------
Meep: using complex fields.
on time step 6428 (time=16.07), 0.000622362 s/step
on time step 13068 (time=32.67), 0.000602473 s/step
on time step 19694 (time=49.235), 0.000603698 s/step
field decay(t = 50.0025): 0.24680346545570542 / 0.24680346545570542 = 1.0
on time step 26296 (time=65.74), 0.000605938 s/step
on time step 32915 (time=82.2875), 0.000604374 s/step
on time step 39468 (time=98.67), 0.000610451 s/step
field decay(t = 100.0025): 5.474718295531062e-13 / 0.24680346545570542 = 2.2182501714156954e-12
run 0 finished at t = 100.0025 (40001 timesteps)
refl:, 0.2170602220836629, 0.8, 10.0, 0.3025258879528019
refl:, 0.2170602220836629, 0.784, 9.798006528153513, 0.3026300446291802
refl:, 0.2170602220836629, 0.7686274509803922, 9.604050171837292, 0.30276169916942225
refl:, 0.2170602220836629, 0.7538461538461539, 9.417658416993296, 0.3028720261684264
refl:, 0.2170602220836629, 0.739622641509434, 9.238395240840497, 0.30302747291569054
refl:, 0.2170602220836629, 0.7259259259259259, 9.06585764090149, 0.30317750220844863
refl:, 0.2170602220836629, 0.7127272727272727, 8.899672554443574, 0.30332294001564736
refl:, 0.2170602220836629, 0.7, 8.739494117841588, 0.30343652543863814
refl:, 0.2170602220836629, 0.6877192982456141, 8.585001222725978, 0.3035386481281153
refl:, 0.2170602220836629, 0.6758620689655173, 8.435895331947279, 0.3036348093322694
refl:, 0.2170602220836629, 0.664406779661017, 8.291898523577625, 0.3037210225847632
refl:, 0.2170602220836629, 0.6533333333333333, 8.152751735551202, 0.3038052682378882
refl:, 0.2170602220836629, 0.6426229508196721, 8.018213187256704, 0.3038792315670938
refl:, 0.2170602220836629, 0.632258064516129, 7.88805695754783, 0.30394731209832776
refl:, 0.2170602220836629, 0.6222222222222222, 7.762071701325296, 0.3040101438912323
refl:, 0.2170602220836629, 0.6124999999999999, 7.640059489140416, 0.3040696680944007
refl:, 0.2170602220836629, 0.6030769230769231, 7.521834756238996, 0.3041214291971872
refl:, 0.2170602220836629, 0.593939393939394, 7.407223349155971, 0.30416764561289816
refl:, 0.2170602220836629, 0.5850746268656717, 7.296061659428915, 0.30421028498050634
refl:, 0.2170602220836629, 0.5764705882352942, 7.188195835257705, 0.30424759045595134
refl:, 0.2170602220836629, 0.5681159420289855, 7.083481063027822, 0.30427971515983215
refl:, 0.2170602220836629, 0.56, 6.981780911561047, 0.3043070310236889
refl:, 0.2170602220836629, 0.552112676056338, 6.882966732780441, 0.3043315479590085
refl:, 0.2170602220836629, 0.5444444444444444, 6.786917113194022, 0.3043523244091657
refl:, 0.2170602220836629, 0.536986301369863, 6.693517371228444, 0.30437055445984634
refl:, 0.2170602220836629, 0.5297297297297298, 6.602659095992853, 0.30438499962951676
refl:, 0.2170602220836629, 0.5226666666666667, 6.514239723534344, 0.3043959259036827
refl:, 0.2170602220836629, 0.5157894736842105, 6.428162147069652, 0.30440226130785475
refl:, 0.2170602220836629, 0.509090909090909, 6.3443343580501015, 0.3044054966229462
refl:, 0.2170602220836629, 0.5025641025641026, 6.262669115245526, 0.3044058123466362
refl:, 0.2170602220836629, 0.4962025316455696, 6.1830836393232005, 0.30440400005966417
refl:, 0.2170602220836629, 0.49, 6.105499330654852, 0.3044000439282633
refl:, 0.2170602220836629, 0.4839506172839506, 6.029841508312739, 0.3043942530854609
refl:, 0.2170602220836629, 0.47804878048780486, 5.956039168418179, 0.30438540022963756
refl:, 0.2170602220836629, 0.47228915662650606, 5.884024760185935, 0.30437340464595114
refl:, 0.2170602220836629, 0.4666666666666667, 5.813733978168244, 0.3043584457018828
refl:, 0.2170602220836629, 0.4611764705882353, 5.745105569345401, 0.3043400139284303
refl:, 0.2170602220836629, 0.4558139534883721, 5.678081153837623, 0.30432061713992986
refl:, 0.2170602220836629, 0.4505747126436782, 5.612605058127373, 0.3042990864621168
refl:, 0.2170602220836629, 0.4454545454545454, 5.5486241597837695, 0.30427597349124674
refl:, 0.2170602220836629, 0.44044943820224725, 5.486087742772728, 0.3042551451766076
refl:, 0.2170602220836629, 0.43555555555555553, 5.424947362519055, 0.3042319430174631
refl:, 0.2170602220836629, 0.4307692307692308, 5.365156719961124, 0.3041950945969778
refl:, 0.2170602220836629, 0.4260869565217391, 5.306671543905553, 0.30415776240184644
refl:, 0.2170602220836629, 0.421505376344086, 5.249449481049872, 0.30412649544978626
refl:, 0.2170602220836629, 0.41702127659574467, 5.19344999309547, 0.30410467897757226
refl:, 0.2170602220836629, 0.4126315789473684, 5.138634260422533, 0.30407181439569286
refl:, 0.2170602220836629, 0.4083333333333333, 5.08496509184317, 0.3040306290995141
refl:, 0.2170602220836629, 0.4041237113402062, 5.032406839989342, 0.30399959701077856
refl:, 0.2170602220836629, 0.4, 4.980925321928872, 0.3039052348447813

Elapsed run time = 48.7246 s
