-----------
Initializing structure...
time for choose_chunkdivision = 0.000176907 s
Working in 3D dimensions.
Computational cell is 0.005 x 0.005 x 12 with resolution 200
time for set_epsilon = 0.0108728 s
-----------
Meep: using complex fields.
on time step 5859 (time=14.6475), 0.000682723 s/step
on time step 12373 (time=30.9325), 0.000614115 s/step
on time step 18921 (time=47.3025), 0.000610905 s/step
field decay(t = 50.0025): 0.16511131213455366 / 0.16511131213455366 = 1.0
on time step 24916 (time=62.29), 0.000667304 s/step
on time step 31361 (time=78.4025), 0.000620648 s/step
on time step 38005 (time=95.0125), 0.000602104 s/step
field decay(t = 100.0025): 1.7602058101624747e-12 / 0.16511131213455366 = 1.0660722075347784e-11
run 0 finished at t = 100.0025 (40001 timesteps)
-----------
Initializing structure...
time for choose_chunkdivision = 0.000183105 s
Working in 3D dimensions.
Computational cell is 0.005 x 0.005 x 12 with resolution 200
     block, center = (0,0,3)
          size (1e+20,1e+20,6)
          axes (1,0,0), (0,1,0), (0,0,1)
          dielectric constant epsilon diagonal = (12.25,12.25,12.25)
time for set_epsilon = 0.029114 s
-----------
Meep: using complex fields.
on time step 6380 (time=15.95), 0.000626978 s/step
on time step 12870 (time=32.175), 0.000616335 s/step
on time step 19411 (time=48.5275), 0.000611589 s/step
field decay(t = 50.0025): 0.16511131153833777 / 0.16511131153833777 = 1.0
on time step 25811 (time=64.5275), 0.000625123 s/step
on time step 32316 (time=80.79), 0.000614918 s/step
on time step 38760 (time=96.9), 0.000620736 s/step
field decay(t = 100.0025): 3.498165427092554e-12 / 0.16511131153833777 = 2.1186709708137125e-11
run 0 finished at t = 100.0025 (40001 timesteps)
refl:, 1.0825317547305482, 0.8, 59.99999999999999, 0.08199309141371944
refl:, 1.0825317547305482, 0.784, 58.07108488083593, 0.09697799003482838
refl:, 1.0825317547305482, 0.7686274509803922, 56.311309260669624, 0.11029645531783086
refl:, 1.0825317547305482, 0.7538461538461539, 54.69254540505164, 0.12230028579440679
refl:, 1.0825317547305482, 0.739622641509434, 53.19365179333026, 0.133118950019831
refl:, 1.0825317547305482, 0.7259259259259259, 51.798237196004614, 0.14290221625925886
refl:, 1.0825317547305482, 0.7127272727272727, 50.49327371888257, 0.1517859559824696
refl:, 1.0825317547305482, 0.7, 49.268194122622916, 0.15990624227473943
refl:, 1.0825317547305482, 0.6877192982456141, 48.11428082873218, 0.16733261937817023
refl:, 1.0825317547305482, 0.6758620689655173, 47.024238635081495, 0.17415957089127682
refl:, 1.0825317547305482, 0.664406779661017, 45.99188753936469, 0.18043602166302136
refl:, 1.0825317547305482, 0.6533333333333333, 45.01193662107726, 0.18623562336941646
refl:, 1.0825317547305482, 0.6426229508196721, 44.07981414374115, 0.19159287518780857
refl:, 1.0825317547305482, 0.632258064516129, 43.191537588393835, 0.19656956570916315
refl:, 1.0825317547305482, 0.6222222222222222, 42.34361264736431, 0.20119391851210833
refl:, 1.0825317547305482, 0.6124999999999999, 41.53295361356457, 0.20550392673228826
refl:, 1.0825317547305482, 0.6030769230769231, 40.756819839298586, 0.20953041912366077
refl:, 1.0825317547305482, 0.593939393939394, 40.01276444425686, 0.2132937755926313
refl:, 1.0825317547305482, 0.5850746268656717, 39.298592486049785, 0.2168232117739643
refl:, 1.0825317547305482, 0.5764705882352942, 38.61232652957572, 0.22013296672503208
refl:, 1.0825317547305482, 0.5681159420289855, 37.9521780657052, 0.2232455646672632
refl:, 1.0825317547305482, 0.56, 37.31652360111115, 0.22617738913716942
refl:, 1.0825317547305482, 0.552112676056338, 36.70388451304266, 0.22893917222454954
refl:, 1.0825317547305482, 0.5444444444444444, 36.112909964600526, 0.2315483127072299
refl:, 1.0825317547305482, 0.536986301369863, 35.54236232752769, 0.23401300153963522
refl:, 1.0825317547305482, 0.5297297297297298, 34.991104674473426, 0.23634497750949007
refl:, 1.0825317547305482, 0.5226666666666667, 34.4580899908132, 0.2385550903789113
refl:, 1.0825317547305482, 0.5157894736842105, 33.94235182430718, 0.2406494377952417
refl:, 1.0825317547305482, 0.509090909090909, 33.442996144127704, 0.2426383468495639
refl:, 1.0825317547305482, 0.5025641025641026, 32.95919422270091, 0.24452791657458767
refl:, 1.0825317547305482, 0.4962025316455696, 32.4901763870572, 0.246323408077522
refl:, 1.0825317547305482, 0.49, 32.035226512949734, 0.24803258945561873
refl:, 1.0825317547305482, 0.4839506172839506, 31.593677156370052, 0.24966139354636704
refl:, 1.0825317547305482, 0.47804878048780486, 31.164905234389202, 0.2512128964340599
refl:, 1.0825317547305482, 0.47228915662650606, 30.748328181342448, 0.25269341250878763
refl:, 1.0825317547305482, 0.4666666666666667, 30.343400517915825, 0.2541057600957975
refl:, 1.0825317547305482, 0.4611764705882353, 29.949610780196405, 0.2554559214496923
refl:, 1.0825317547305482, 0.4558139534883721, 29.566478763613983, 0.25674677018292974
refl:, 1.0825317547305482, 0.4505747126436782, 29.193553043244272, 0.2579774822077713
refl:, 1.0825317547305482, 0.4454545454545454, 28.830408737409662, 0.2591571567527435
refl:, 1.0825317547305482, 0.44044943820224725, 28.47664548610104, 0.2602864112942011
refl:, 1.0825317547305482, 0.43555555555555553, 28.131885619609587, 0.2613704012110359
refl:, 1.0825317547305482, 0.4307692307692308, 27.79577249602797, 0.26239999463075886
refl:, 1.0825317547305482, 0.4260869565217391, 27.46796898905743, 0.2633940454854801
refl:, 1.0825317547305482, 0.421505376344086, 27.14815610992485, 0.26435501471395956
refl:, 1.0825317547305482, 0.41702127659574467, 26.836031749237822, 0.26529013830434545
refl:, 1.0825317547305482, 0.4126315789473684, 26.531309526343414, 0.2661792365062096
refl:, 1.0825317547305482, 0.4083333333333333, 26.23371773525153, 0.2670232711025277
refl:, 1.0825317547305482, 0.4041237113402062, 25.94299837747481, 0.2677961889782064
refl:, 1.0825317547305482, 0.4, 25.65890627325528, 0.2685390032427135

Elapsed run time = 50.1335 s
