-----------
Initializing structure...
time for choose_chunkdivision = 0.000208139 s
Working in 1D dimensions.
Computational cell is 0 x 0 x 12 with resolution 200
time for set_epsilon = 0.000833988 s
-----------
Meep: using complex fields.
on time step 13375 (time=33.4375), 0.000299069 s/step
field decay(t = 50.0025): 0.2502050785798134 / 0.2502050785798134 = 1.0
on time step 28858 (time=72.145), 0.000258352 s/step
field decay(t = 100.0025): 1.0474120541958855e-14 / 0.2502050785798134 = 4.1862142053274494e-14
run 0 finished at t = 100.0025 (40001 timesteps)
-----------
Initializing structure...
time for choose_chunkdivision = 9.89437e-05 s
Working in 1D dimensions.
Computational cell is 0 x 0 x 12 with resolution 200
     block, center = (0,0,3)
          size (1e+20,1e+20,6)
          axes (1,0,0), (0,1,0), (0,0,1)
          dielectric constant epsilon diagonal = (12.25,12.25,12.25)
time for set_epsilon = 0.000550032 s
-----------
Meep: using complex fields.
on time step 15447 (time=38.6175), 0.000258959 s/step
field decay(t = 50.0025): 0.25020507848495915 / 0.25020507848495915 = 1.0
on time step 30961 (time=77.4025), 0.000257837 s/step
field decay(t = 100.0025): 2.816015244409156e-13 / 0.25020507848495915 = 1.125482848493996e-12
run 0 finished at t = 100.0025 (40001 timesteps)
refl:, 0.0, 0.8, 0.0, 0.3079613589394658
refl:, 0.0, 0.784, 0.0, 0.30784351196183557
refl:, 0.0, 0.7686274509803922, 0.0, 0.30775722165673847
refl:, 0.0, 0.7538461538461539, 0.0, 0.3076656387645792
refl:, 0.0, 0.739622641509434, 0.0, 0.30762610323499834
refl:, 0.0, 0.7259259259259259, 0.0, 0.3076027913300792
refl:, 0.0, 0.7127272727272727, 0.0, 0.3075891454529295
refl:, 0.0, 0.7, 0.0, 0.3075614737104812
refl:, 0.0, 0.6877192982456141, 0.0, 0.30751713545943116
refl:, 0.0, 0.6758620689655173, 0.0, 0.30747627387136606
refl:, 0.0, 0.664406779661017, 0.0, 0.30743041506496616
refl:, 0.0, 0.6533333333333333, 0.0, 0.30738928052982933
refl:, 0.0, 0.6426229508196721, 0.0, 0.30734550115742204
refl:, 0.0, 0.632258064516129, 0.0, 0.30730104402509173
refl:, 0.0, 0.6222222222222222, 0.0, 0.30725703996798365
refl:, 0.0, 0.6124999999999999, 0.0, 0.3072150154386355
refl:, 0.0, 0.6030769230769231, 0.0, 0.30717086753274825
refl:, 0.0, 0.593939393939394, 0.0, 0.3071238578607056
refl:, 0.0, 0.5850746268656717, 0.0, 0.30707811626390186
refl:, 0.0, 0.5764705882352942, 0.0, 0.30703137200253
refl:, 0.0, 0.5681159420289855, 0.0, 0.306983064792021
refl:, 0.0, 0.56, 0.0, 0.3069329118885362
refl:, 0.0, 0.552112676056338, 0.0, 0.30688328288316036
refl:, 0.0, 0.5444444444444444, 0.0, 0.30683276581026026
refl:, 0.0, 0.536986301369863, 0.0, 0.30678252349086094
refl:, 0.0, 0.5297297297297298, 0.0, 0.30673205126593334
refl:, 0.0, 0.5226666666666667, 0.0, 0.3066807294499788
refl:, 0.0, 0.5157894736842105, 0.0, 0.30662733334438524
refl:, 0.0, 0.509090909090909, 0.0, 0.306572900036656
refl:, 0.0, 0.5025641025641026, 0.0, 0.3065176574925475
refl:, 0.0, 0.4962025316455696, 0.0, 0.30646164657584063
refl:, 0.0, 0.49, 0.0, 0.3064060215335711
refl:, 0.0, 0.4839506172839506, 0.0, 0.30635031433637927
refl:, 0.0, 0.47804878048780486, 0.0, 0.30629397188729374
refl:, 0.0, 0.47228915662650606, 0.0, 0.3062365265393303
refl:, 0.0, 0.4666666666666667, 0.0, 0.30617809515142264
refl:, 0.0, 0.4611764705882353, 0.0, 0.30611660708839816
refl:, 0.0, 0.4558139534883721, 0.0, 0.3060560059216987
refl:, 0.0, 0.4505747126436782, 0.0, 0.305993447561468
refl:, 0.0, 0.4454545454545454, 0.0, 0.30593118999382957
refl:, 0.0, 0.44044943820224725, 0.0, 0.3058716675667021
refl:, 0.0, 0.43555555555555553, 0.0, 0.30581432609043335
refl:, 0.0, 0.4307692307692308, 0.0, 0.3057463897476438
refl:, 0.0, 0.4260869565217391, 0.0, 0.30567568742583395
refl:, 0.0, 0.421505376344086, 0.0, 0.30560650025766084
refl:, 0.0, 0.41702127659574467, 0.0, 0.3055577550932178
refl:, 0.0, 0.4126315789473684, 0.0, 0.3054895579147833
refl:, 0.0, 0.4083333333333333, 0.0, 0.30542427002892397
refl:, 0.0, 0.4041237113402062, 0.0, 0.30536037982062736
refl:, 0.0, 0.4, 0.0, 0.3052442562570316

Elapsed run time = 21.2288 s
