-----------
Initializing structure...
time for choose_chunkdivision = 0.000160933 s
Working in 3D dimensions.
Computational cell is 0.005 x 0.005 x 12 with resolution 200
time for set_epsilon = 0.010674 s
-----------
Meep: using complex fields.
on time step 6270 (time=15.675), 0.000638018 s/step
on time step 12703 (time=31.7575), 0.000621842 s/step
on time step 19081 (time=47.7025), 0.000627233 s/step
field decay(t = 50.0025): 0.2219708611987073 / 0.2219708611987073 = 1.0
on time step 25386 (time=63.465), 0.000634466 s/step
on time step 31924 (time=79.81), 0.000611868 s/step
on time step 38486 (time=96.215), 0.000609576 s/step
field decay(t = 100.0025): 5.306723688587157e-13 / 0.2219708611987073 = 2.390729873249716e-12
run 0 finished at t = 100.0025 (40001 timesteps)
-----------
Initializing structure...
time for choose_chunkdivision = 0.000144005 s
Working in 3D dimensions.
Computational cell is 0.005 x 0.005 x 12 with resolution 200
     block, center = (0,0,3)
          size (1e+20,1e+20,6)
          axes (1,0,0), (0,1,0), (0,0,1)
          dielectric constant epsilon diagonal = (12.25,12.25,12.25)
time for set_epsilon = 0.0223892 s
-----------
Meep: using complex fields.
on time step 6432 (time=16.08), 0.000621918 s/step
on time step 13008 (time=32.52), 0.000608325 s/step
on time step 18885 (time=47.2125), 0.000680668 s/step
field decay(t = 50.0025): 0.22197086173489392 / 0.22197086173489392 = 1.0
on time step 25391 (time=63.4775), 0.000614826 s/step
on time step 32022 (time=80.055), 0.00060329 s/step
on time step 38699 (time=96.7475), 0.000599156 s/step
field decay(t = 100.0025): 1.3114884307513097e-12 / 0.22197086173489392 = 5.908381039299011e-12
run 0 finished at t = 100.0025 (40001 timesteps)
refl:, 0.6249999999999999, 0.8, 29.999999999999993, 0.2568920041114287
refl:, 0.6249999999999999, 0.784, 29.34058157502373, 0.2590891195912567
refl:, 0.6249999999999999, 0.7686274509803922, 28.711017527148794, 0.26123465119456196
refl:, 0.6249999999999999, 0.7538461538461539, 28.10922128260952, 0.26324363788843813
refl:, 0.6249999999999999, 0.739622641509434, 27.53330580109674, 0.26513802185111995
refl:, 0.6249999999999999, 0.7259259259259259, 26.98155921981659, 0.26687358924960497
refl:, 0.6249999999999999, 0.7127272727272727, 26.452424118557172, 0.26848930465159393
refl:, 0.6249999999999999, 0.7, 25.944479772370002, 0.2699917274907397
refl:, 0.6249999999999999, 0.6877192982456141, 25.45642688540588, 0.2713965467374931
refl:, 0.6249999999999999, 0.6758620689655173, 24.98707439783817, 0.2727167874897784
refl:, 0.6249999999999999, 0.664406779661017, 24.53532803474182, 0.273956954437083
refl:, 0.6249999999999999, 0.6533333333333333, 24.10018032643974, 0.27513306458065445
refl:, 0.6249999999999999, 0.6426229508196721, 23.680701877992792, 0.2762402016974535
refl:, 0.6249999999999999, 0.632258064516129, 23.276033704033082, 0.2772835563292416
refl:, 0.6249999999999999, 0.6222222222222222, 22.885380476158563, 0.2782694401746438
refl:, 0.6249999999999999, 0.6124999999999999, 22.508004555237044, 0.2792024130871689
refl:, 0.6249999999999999, 0.6030769230769231, 22.14322070144805, 0.280083991930124
refl:, 0.6249999999999999, 0.593939393939394, 21.79039137167391, 0.28091587406454077
refl:, 0.6249999999999999, 0.5850746268656717, 21.448922527676533, 0.28170588944839126
refl:, 0.6249999999999999, 0.5764705882352942, 21.118259889941786, 0.28245502742742234
refl:, 0.6249999999999999, 0.5681159420289855, 20.797885581592283, 0.283165184012347
refl:, 0.6249999999999999, 0.56, 20.487315114722662, 0.28383877873347707
refl:, 0.6249999999999999, 0.552112676056338, 20.186094678183196, 0.2844796429051756
refl:, 0.6249999999999999, 0.5444444444444444, 19.89379869145801, 0.28508868326178793
refl:, 0.6249999999999999, 0.536986301369863, 19.610027594036424, 0.2856671552153878
refl:, 0.6249999999999999, 0.5297297297297298, 19.33440584370919, 0.2862180508406867
refl:, 0.6249999999999999, 0.5226666666666667, 19.066580100655866, 0.2867420628209344
refl:, 0.6249999999999999, 0.5157894736842105, 18.806217577124535, 0.2872412452776196
refl:, 0.6249999999999999, 0.509090909090909, 18.553004535020655, 0.2877165212544871
refl:, 0.6249999999999999, 0.5025641025641026, 18.306644915884704, 0.2881695482396973
refl:, 0.6249999999999999, 0.4962025316455696, 18.066859089603533, 0.28860021273388126
refl:, 0.6249999999999999, 0.49, 17.833382709813034, 0.28901169598778614
refl:, 0.6249999999999999, 0.4839506172839506, 17.605965665348197, 0.28940345672712636
refl:, 0.6249999999999999, 0.47804878048780486, 17.38437111831227, 0.2897771214281621
refl:, 0.6249999999999999, 0.47228915662650606, 17.168374620396104, 0.2901344466686474
refl:, 0.6249999999999999, 0.4666666666666667, 16.957763300004142, 0.2904763594272828
refl:, 0.6249999999999999, 0.4611764705882353, 16.752335113553887, 0.29080121034514955
refl:, 0.6249999999999999, 0.4558139534883721, 16.551898155026578, 0.29111143032255865
refl:, 0.6249999999999999, 0.4505747126436782, 16.35627001847215, 0.2914071252863827
refl:, 0.6249999999999999, 0.4454545454545454, 16.165277208722518, 0.29168903667103113
refl:, 0.6249999999999999, 0.44044943820224725, 15.978754596053776, 0.2919556479927838
refl:, 0.6249999999999999, 0.43555555555555553, 15.796544910968182, 0.2922103892839964
refl:, 0.6249999999999999, 0.4307692307692308, 15.618498275648548, 0.29246204432635736
refl:, 0.6249999999999999, 0.4260869565217391, 15.44447176897603, 0.2926966285868385
refl:, 0.6249999999999999, 0.421505376344086, 15.274329022304034, 0.29291387531100693
refl:, 0.6249999999999999, 0.41702127659574467, 15.107939843449019, 0.293128444588355
refl:, 0.6249999999999999, 0.4126315789473684, 14.94517986659885, 0.29333288836816945
refl:, 0.6249999999999999, 0.4083333333333333, 14.78593022605342, 0.2935335545105034
refl:, 0.6249999999999999, 0.4041237113402062, 14.630077251904048, 0.29372170330026287
refl:, 0.6249999999999999, 0.4, 14.477512185929921, 0.2939348785255446

Elapsed run time = 49.7431 s
