-----------
Initializing structure...
time for choose_chunkdivision = 0.000175953 s
Working in 3D dimensions.
Computational cell is 0.005 x 0.005 x 12 with resolution 200
time for set_epsilon = 0.01053 s
-----------
Meep: using complex fields.
on time step 6432 (time=16.08), 0.000621951 s/step
on time step 12639 (time=31.5975), 0.000644472 s/step
on time step 19106 (time=47.765), 0.000618574 s/step
field decay(t = 50.0025): 0.1569083110506809 / 0.1569083110506809 = 1.0
on time step 25589 (time=63.9725), 0.00061704 s/step
on time step 32267 (time=80.6675), 0.000599062 s/step
on time step 38459 (time=96.1475), 0.00064603 s/step
field decay(t = 100.0025): 2.350100387051743e-12 / 0.1569083110506809 = 1.4977539247699044e-11
run 0 finished at t = 100.0025 (40001 timesteps)
-----------
Initializing structure...
time for choose_chunkdivision = 0.000149012 s
Working in 3D dimensions.
Computational cell is 0.005 x 0.005 x 12 with resolution 200
     block, center = (0,0,3)
          size (1e+20,1e+20,6)
          axes (1,0,0), (0,1,0), (0,0,1)
          dielectric constant epsilon diagonal = (12.25,12.25,12.25)
time for set_epsilon = 0.0222721 s
-----------
Meep: using complex fields.
on time step 6341 (time=15.8525), 0.000630825 s/step
on time step 12986 (time=32.465), 0.000601985 s/step
on time step 19566 (time=48.915), 0.000607958 s/step
field decay(t = 50.0025): 0.15690831064364885 / 0.15690831064364885 = 1.0
on time step 26084 (time=65.21), 0.000613747 s/step
on time step 32512 (time=81.28), 0.000622308 s/step
on time step 39110 (time=97.775), 0.000606257 s/step
field decay(t = 100.0025): 6.0233716101471895e-12 / 0.15690831064364885 = 3.8387843100463565e-11
run 0 finished at t = 100.0025 (40001 timesteps)
refl:, 1.1328847337958123, 0.8, 64.99999999999999, 0.04302103687449447
refl:, 1.1328847337958123, 0.784, 62.645633431180784, 0.06100515572751959
refl:, 1.1328847337958123, 0.7686274509803922, 60.547811567584965, 0.07744137804798254
refl:, 1.1328847337958123, 0.7538461538461539, 58.65172469781183, 0.09222511449337316
refl:, 1.1328847337958123, 0.739622641509434, 56.919780417243786, 0.10558703256682686
refl:, 1.1328847337958123, 0.7259259259259259, 55.32480276439999, 0.11754813743498059
refl:, 1.1328847337958123, 0.7127272727272727, 53.84635215217889, 0.12838395206200615
refl:, 1.1328847337958123, 0.7, 52.468573108244414, 0.13816210123343675
refl:, 1.1328847337958123, 0.6877192982456141, 51.17885777022349, 0.14708848807547026
refl:, 1.1328847337958123, 0.6758620689655173, 49.96697533403755, 0.15522235355058467
refl:, 1.1328847337958123, 0.664406779661017, 48.82448244349733, 0.16270056586664783
refl:, 1.1328847337958123, 0.6533333333333333, 47.744310665402864, 0.1695687966190289
refl:, 1.1328847337958123, 0.6426229508196721, 46.720469815981424, 0.17592122569613064
refl:, 1.1328847337958123, 0.632258064516129, 45.7478295128327, 0.18178442290746874
refl:, 1.1328847337958123, 0.6222222222222222, 44.82195500406973, 0.1872240105898691
refl:, 1.1328847337958123, 0.6124999999999999, 43.93898156096055, 0.19227449073687514
refl:, 1.1328847337958123, 0.6030769230769231, 43.09551684594588, 0.19697647513845387
refl:, 1.1328847337958123, 0.593939393939394, 42.288563952640665, 0.20136674759312803
refl:, 1.1328847337958123, 0.5850746268656717, 41.51545997434592, 0.2054678953464141
refl:, 1.1328847337958123, 0.5764705882352942, 40.77382641078957, 0.20931249773207986
refl:, 1.1328847337958123, 0.5681159420289855, 40.06152872079658, 0.21291549948682897
refl:, 1.1328847337958123, 0.56, 39.37664302675111, 0.21630069151211004
refl:, 1.1328847337958123, 0.552112676056338, 38.717428473384835, 0.2194864518852767
refl:, 1.1328847337958123, 0.5444444444444444, 38.08230410219336, 0.22248682571858514
refl:, 1.1328847337958123, 0.536986301369863, 37.4698293655767, 0.22532099525528893
refl:, 1.1328847337958123, 0.5297297297297298, 36.87868759977799, 0.22799720194538958
refl:, 1.1328847337958123, 0.5226666666666667, 36.307671922074825, 0.23052861273798314
refl:, 1.1328847337958123, 0.5157894736842105, 35.75567312877807, 0.2329277607942777
refl:, 1.1328847337958123, 0.509090909090909, 35.22166925577522, 0.23520056157562183
refl:, 1.1328847337958123, 0.5025641025641026, 34.70471652928195, 0.23735905325786552
refl:, 1.1328847337958123, 0.4962025316455696, 34.203941485939055, 0.23940864228430972
refl:, 1.1328847337958123, 0.49, 33.7185340819115, 0.24135632503745277
refl:, 1.1328847337958123, 0.4839506172839506, 33.247741642788455, 0.24321133029074576
refl:, 1.1328847337958123, 0.47804878048780486, 32.790863531764046, 0.244976428614442
refl:, 1.1328847337958123, 0.47228915662650606, 32.347246434236666, 0.24666040344337456
refl:, 1.1328847337958123, 0.4666666666666667, 31.91628017368787, 0.24826642694789502
refl:, 1.1328847337958123, 0.4611764705882353, 31.497393987322308, 0.24979742470138083
refl:, 1.1328847337958123, 0.4558139534883721, 31.090053201105746, 0.25125799692025225
refl:, 1.1328847337958123, 0.4505747126436782, 30.693756253024553, 0.25265537982558445
refl:, 1.1328847337958123, 0.4454545454545454, 30.308032020994055, 0.25399427153674065
refl:, 1.1328847337958123, 0.44044943820224725, 29.9324374181665, 0.25527459470670383
refl:, 1.1328847337958123, 0.43555555555555553, 29.5665552236732, 0.2564939453207604
refl:, 1.1328847337958123, 0.4307692307692308, 29.209992121269647, 0.257667847797171
refl:, 1.1328847337958123, 0.4260869565217391, 28.86237692208816, 0.2588059308067132
refl:, 1.1328847337958123, 0.421505376344086, 28.523358950864424, 0.25990738608611097
refl:, 1.1328847337958123, 0.41702127659574467, 28.192606577687982, 0.2609475249599514
refl:, 1.1328847337958123, 0.4126315789473684, 27.86980587961545, 0.2619117583722029
refl:, 1.1328847337958123, 0.4083333333333333, 27.554659418441407, 0.26284912789797055
refl:, 1.1328847337958123, 0.4041237113402062, 27.246885122601544, 0.26372555195771513
refl:, 1.1328847337958123, 0.4, 26.946215262627685, 0.26463223105296413

Elapsed run time = 49.5092 s
