-----------
Initializing structure...
time for choose_chunkdivision = 0.000176907 s
Working in 3D dimensions.
Computational cell is 0.005 x 0.005 x 12 with resolution 200
time for set_epsilon = 0.010519 s
-----------
Meep: using complex fields.
on time step 6075 (time=15.1875), 0.000658444 s/step
on time step 12105 (time=30.2625), 0.00066344 s/step
on time step 18506 (time=46.265), 0.000624949 s/step
field decay(t = 50.0025): 0.1497969235569022 / 0.1497969235569022 = 1.0
on time step 25007 (time=62.5175), 0.000615319 s/step
on time step 31702 (time=79.255), 0.00059752 s/step
on time step 38391 (time=95.9775), 0.00059806 s/step
field decay(t = 100.0025): 5.264379382100627e-12 / 0.1497969235569022 = 3.5143441247649445e-11
run 0 finished at t = 100.0025 (40001 timesteps)
-----------
Initializing structure...
time for choose_chunkdivision = 0.000169039 s
Working in 3D dimensions.
Computational cell is 0.005 x 0.005 x 12 with resolution 200
     block, center = (0,0,3)
          size (1e+20,1e+20,6)
          axes (1,0,0), (0,1,0), (0,0,1)
          dielectric constant epsilon diagonal = (12.25,12.25,12.25)
time for set_epsilon = 0.0269029 s
-----------
Meep: using complex fields.
on time step 6503 (time=16.2575), 0.000615182 s/step
on time step 13189 (time=32.9725), 0.000598318 s/step
on time step 19817 (time=49.5425), 0.000603531 s/step
field decay(t = 50.0025): 0.14979692339545375 / 0.14979692339545375 = 1.0
on time step 26479 (time=66.1975), 0.000600435 s/step
on time step 33153 (time=82.8825), 0.000599367 s/step
on time step 39629 (time=99.0725), 0.000617756 s/step
field decay(t = 100.0025): 1.292051050246215e-11 / 0.14979692339545375 = 8.625351048334201e-11
run 0 finished at t = 100.0025 (40001 timesteps)
refl:, 1.1746157759823854, 0.8, 70.0, 0.011680395155773106
refl:, 1.1746157759823854, 0.784, 67.05783140972835, 0.029413572696847655
refl:, 1.1746157759823854, 0.7686274509803922, 64.53417775149677, 0.04727476111177921
refl:, 1.1746157759823854, 0.7538461538461539, 62.31059707934406, 0.06397714979910149
refl:, 1.1746157759823854, 0.739622641509434, 60.31629899672389, 0.07939411055372256
refl:, 1.1746157759823854, 0.7259259259259259, 58.50481213939229, 0.09341945557632059
refl:, 1.1746157759823854, 0.7127272727272727, 56.843594941553754, 0.10605498264605806
refl:, 1.1746157759823854, 0.7, 55.30875739675561, 0.11758655013930663
refl:, 1.1746157759823854, 0.6877192982456141, 53.88211612099151, 0.12799689443891113
refl:, 1.1746157759823854, 0.6758620689655173, 52.54943143507829, 0.1375081239222515
refl:, 1.1746157759823854, 0.664406779661017, 51.29929235382265, 0.1461847273717524
refl:, 1.1746157759823854, 0.6533333333333333, 50.122379445158494, 0.15413396725680983
refl:, 1.1746157759823854, 0.6426229508196721, 49.010959419193355, 0.1614273176393259
refl:, 1.1746157759823854, 0.632258064516129, 47.958527855818005, 0.16815699184944788
refl:, 1.1746157759823854, 0.6222222222222222, 46.9595500055931, 0.17436589499686853
refl:, 1.1746157759823854, 0.6124999999999999, 46.00926848902442, 0.18013390747422287
refl:, 1.1746157759823854, 0.6030769230769231, 45.103557823882895, 0.18548597816197973
refl:, 1.1746157759823854, 0.593939393939394, 44.23881248012816, 0.19047568979913218
refl:, 1.1746157759823854, 0.5850746268656717, 43.41185942214757, 0.19512818067766807
refl:, 1.1746157759823854, 0.5764705882352942, 42.619888854495166, 0.19947374990242545
refl:, 1.1746157759823854, 0.5681159420289855, 41.860398715356425, 0.20354372903968365
refl:, 1.1746157759823854, 0.56, 41.131149701242414, 0.20735705666866325
refl:, 1.1746157759823854, 0.552112676056338, 40.430128463310105, 0.21094310187206858
refl:, 1.1746157759823854, 0.5444444444444444, 39.75551721886283, 0.21431648300363515
refl:, 1.1746157759823854, 0.536986301369863, 39.10566845306894, 0.21749452219529805
refl:, 1.1746157759823854, 0.5297297297297298, 38.479083699202135, 0.2204934598574203
refl:, 1.1746157759823854, 0.5226666666666667, 37.87439561623927, 0.22332490439155686
refl:, 1.1746157759823854, 0.5157894736842105, 37.29035275442276, 0.22600451498632984
refl:, 1.1746157759823854, 0.509090909090909, 36.72580652885898, 0.22854252154710167
refl:, 1.1746157759823854, 0.5025641025641026, 36.179700019842116, 0.2309478500199081
refl:, 1.1746157759823854, 0.4962025316455696, 35.651058294458764, 0.23323055843496682
refl:, 1.1746157759823854, 0.49, 35.138980002927255, 0.2353980269279967
refl:, 1.1746157759823854, 0.4839506172839506, 34.64263004924646, 0.23745810415409474
refl:, 1.1746157759823854, 0.47804878048780486, 34.161233172132036, 0.23942163697865926
refl:, 1.1746157759823854, 0.47228915662650606, 33.69406830116886, 0.2412911057301648
refl:, 1.1746157759823854, 0.4666666666666667, 33.24046357629389, 0.24307149630285813
refl:, 1.1746157759823854, 0.4611764705882353, 32.79979193741594, 0.24476848560023642
refl:, 1.1746157759823854, 0.4558139534883721, 32.37146720614281, 0.24638588935797395
refl:, 1.1746157759823854, 0.4505747126436782, 31.954940593960732, 0.2479393703711034
refl:, 1.1746157759823854, 0.4454545454545454, 31.549697581364857, 0.2494225244672653
refl:, 1.1746157759823854, 0.44044943820224725, 31.155255120816925, 0.2508361838130618
refl:, 1.1746157759823854, 0.43555555555555553, 30.771159123350074, 0.2521883087529819
refl:, 1.1746157759823854, 0.4307692307692308, 30.396982194426784, 0.2534926762089693
refl:, 1.1746157759823854, 0.4260869565217391, 30.032321589495837, 0.25475386090356644
refl:, 1.1746157759823854, 0.421505376344086, 29.67679736376329, 0.2559593847260232
refl:, 1.1746157759823854, 0.41702127659574467, 29.33005069412437, 0.25706710974467173
refl:, 1.1746157759823854, 0.4126315789473684, 28.991742354111988, 0.2581255937796219
refl:, 1.1746157759823854, 0.4083333333333333, 28.66155132518973, 0.2591579511373654
refl:, 1.1746157759823854, 0.4041237113402062, 28.339173529827534, 0.26019007315987835
refl:, 1.1746157759823854, 0.4, 28.024320673604695, 0.2612365847054373

Elapsed run time = 49.2531 s
