-----------
Initializing structure...
time for choose_chunkdivision = 0.000172138 s
Working in 3D dimensions.
Computational cell is 0.005 x 0.005 x 12 with resolution 200
time for set_epsilon = 0.01106 s
-----------
Meep: using complex fields.
on time step 6042 (time=15.105), 0.000662076 s/step
on time step 12371 (time=30.9275), 0.000632086 s/step
on time step 18824 (time=47.06), 0.0006199 s/step
field decay(t = 50.0025): 0.14400325928772525 / 0.14400325928772525 = 1.0
on time step 24816 (time=62.04), 0.000667568 s/step
on time step 31045 (time=77.6125), 0.000642236 s/step
on time step 37434 (time=93.585), 0.00062613 s/step
field decay(t = 100.0025): 1.0167336559909114e-11 / 0.14400325928772525 = 7.060490582087659e-11
run 0 finished at t = 100.0025 (40001 timesteps)
-----------
Initializing structure...
time for choose_chunkdivision = 0.000146866 s
Working in 3D dimensions.
Computational cell is 0.005 x 0.005 x 12 with resolution 200
     block, center = (0,0,3)
          size (1e+20,1e+20,6)
          axes (1,0,0), (0,1,0), (0,0,1)
          dielectric constant epsilon diagonal = (12.25,12.25,12.25)
time for set_epsilon = 0.0224011 s
-----------
Meep: using complex fields.
on time step 6188 (time=15.47), 0.000646496 s/step
on time step 12631 (time=31.5775), 0.000620886 s/step
on time step 18729 (time=46.8225), 0.000656082 s/step
field decay(t = 50.0025): 0.14400325933909103 / 0.14400325933909103 = 1.0
on time step 24847 (time=62.1175), 0.00065386 s/step
on time step 31130 (time=77.825), 0.000636734 s/step
on time step 37296 (time=93.24), 0.00064877 s/step
field decay(t = 100.0025): 3.022040919262242e-11 / 0.14400325933909103 = 2.0985920271055148e-10
run 0 finished at t = 100.0025 (40001 timesteps)
refl:, 1.2074072828613354, 0.8, 75.0, 0.0012235573941756666
refl:, 1.2074072828613354, 0.784, 71.19254305121969, 0.00606018238286615
refl:, 1.2074072828613354, 0.7686274509803922, 68.13230108184366, 0.022106149564380617
refl:, 1.2074072828613354, 0.7538461538461539, 65.5329128763873, 0.03977128685607889
refl:, 1.2074072828613354, 0.739622641509434, 63.25596068464814, 0.056747330004222094
refl:, 1.2074072828613354, 0.7259259259259259, 61.22160180379117, 0.07228403701249544
refl:, 1.2074072828613354, 0.7127272727272727, 59.378629248099124, 0.08658209935479713
refl:, 1.2074072828613354, 0.7, 57.691773022139905, 0.09958108502880858
refl:, 1.2074072828613354, 0.6877192982456141, 56.13545775731428, 0.11135026846938255
refl:, 1.2074072828613354, 0.6758620689655173, 54.69040263962552, 0.12208699535639894
refl:, 1.2074072828613354, 0.664406779661017, 53.3416232015308, 0.13184306750970642
refl:, 1.2074072828613354, 0.6533333333333333, 52.0771858356392, 0.14076482574081428
refl:, 1.2074072828613354, 0.6426229508196721, 50.88739414232009, 0.1489243283814226
refl:, 1.2074072828613354, 0.632258064516129, 49.76423655717566, 0.1564405952838049
refl:, 1.2074072828613354, 0.6222222222222222, 48.70099913863975, 0.16335509450777222
refl:, 1.2074072828613354, 0.6124999999999999, 47.69198665804526, 0.16976466493435013
refl:, 1.2074072828613354, 0.6030769230769231, 46.73231696062462, 0.17569964398853133
refl:, 1.2074072828613354, 0.593939393939394, 45.817766249324485, 0.18121324031633065
refl:, 1.2074072828613354, 0.5850746268656717, 44.94465059915575, 0.18634776602534733
refl:, 1.2074072828613354, 0.5764705882352942, 44.109733785683, 0.19113022529747803
refl:, 1.2074072828613354, 0.5681159420289855, 43.31015457776125, 0.19560655415864167
refl:, 1.2074072828613354, 0.56, 42.543368664412704, 0.19979711397317831
refl:, 1.2074072828613354, 0.552112676056338, 41.80710174663229, 0.20373237229020372
refl:, 1.2074072828613354, 0.5444444444444444, 41.099311260706344, 0.20743072766986506
refl:, 1.2074072828613354, 0.536986301369863, 40.418154855029364, 0.21090903575431255
refl:, 1.2074072828613354, 0.5297297297297298, 39.76196420912173, 0.21418686746504242
refl:, 1.2074072828613354, 0.5226666666666667, 39.12922312098109, 0.21727928755782658
refl:, 1.2074072828613354, 0.5157894736842105, 38.51854903626071, 0.2202022105795909
refl:, 1.2074072828613354, 0.509090909090909, 37.928677376424204, 0.22296880423672877
refl:, 1.2074072828613354, 0.5025641025641026, 37.35844816099257, 0.22558817430458425
refl:, 1.2074072828613354, 0.4962025316455696, 36.806794523773725, 0.22806996994093542
refl:, 1.2074072828613354, 0.49, 36.272732803336254, 0.2304250997760848
refl:, 1.2074072828613354, 0.4839506172839506, 35.755353950220794, 0.23266245662574828
refl:, 1.2074072828613354, 0.47804878048780486, 35.253816041990945, 0.23479408288764725
refl:, 1.2074072828613354, 0.47228915662650606, 34.76733773550362, 0.23682223654950632
refl:, 1.2074072828613354, 0.4666666666666667, 34.295192516152845, 0.23875016778833993
refl:, 1.2074072828613354, 0.4611764705882353, 33.83670362811667, 0.24058802627951797
refl:, 1.2074072828613354, 0.4558139534883721, 33.391239589169516, 0.2423428039506447
refl:, 1.2074072828613354, 0.4505747126436782, 32.95821020943854, 0.24402489054119586
refl:, 1.2074072828613354, 0.4454545454545454, 32.537063046367535, 0.24563113739705217
refl:, 1.2074072828613354, 0.44044943820224725, 32.12728023870626, 0.24715650282983
refl:, 1.2074072828613354, 0.43555555555555553, 31.728375671037586, 0.2486189273720776
refl:, 1.2074072828613354, 0.4307692307692308, 31.33989242755132, 0.25003079843620124
refl:, 1.2074072828613354, 0.4260869565217391, 30.96140049976025, 0.2513837510139322
refl:, 1.2074072828613354, 0.421505376344086, 30.592494717856905, 0.25267761656656407
refl:, 1.2074072828613354, 0.41702127659574467, 30.23279287960783, 0.25385940761090886
refl:, 1.2074072828613354, 0.4126315789473684, 29.88193405422147, 0.25500520288318473
refl:, 1.2074072828613354, 0.4083333333333333, 29.539577041619506, 0.25615704112741494
refl:, 1.2074072828613354, 0.4041237113402062, 29.2053989700849, 0.2573187403422177
refl:, 1.2074072828613354, 0.4, 28.879094017427605, 0.2584377846985244

Elapsed run time = 51.3187 s
