-----------
Initializing structure...
time for choose_chunkdivision = 0.000174999 s
Working in 3D dimensions.
Computational cell is 0.005 x 0.005 x 12 with resolution 200
time for set_epsilon = 0.010654 s
-----------
Meep: using complex fields.
on time step 6539 (time=16.3475), 0.000611727 s/step
on time step 12715 (time=31.7875), 0.000647681 s/step
on time step 19280 (time=48.2), 0.000609349 s/step
field decay(t = 50.0025): 0.2034908428629705 / 0.2034908428629705 = 1.0
on time step 25817 (time=64.5425), 0.000611957 s/step
on time step 32251 (time=80.6275), 0.000621712 s/step
on time step 38780 (time=96.95), 0.000612692 s/step
field decay(t = 100.0025): 8.039357531649147e-13 / 0.2034908428629705 = 3.950722017040738e-12
run 0 finished at t = 100.0025 (40001 timesteps)
-----------
Initializing structure...
time for choose_chunkdivision = 0.000148058 s
Working in 3D dimensions.
Computational cell is 0.005 x 0.005 x 12 with resolution 200
     block, center = (0,0,3)
          size (1e+20,1e+20,6)
          axes (1,0,0), (0,1,0), (0,0,1)
          dielectric constant epsilon diagonal = (12.25,12.25,12.25)
time for set_epsilon = 0.0221641 s
-----------
Meep: using complex fields.
on time step 6370 (time=15.925), 0.000627957 s/step
on time step 12799 (time=31.9975), 0.000622196 s/step
on time step 19334 (time=48.335), 0.000612157 s/step
field decay(t = 50.0025): 0.20349084317646055 / 0.20349084317646055 = 1.0
on time step 25835 (time=64.5875), 0.000615382 s/step
on time step 32409 (time=81.0225), 0.00060851 s/step
on time step 38554 (time=96.385), 0.000651036 s/step
field decay(t = 100.0025): 1.7345065825786872e-12 / 0.20349084317646055 = 8.52375741091495e-12
run 0 finished at t = 100.0025 (40001 timesteps)
refl:, 0.8034845121081741, 0.8, 39.99999999999999, 0.21388389703762864
refl:, 0.8034845121081741, 0.784, 39.04509528455022, 0.2186183053819276
refl:, 0.8034845121081741, 0.7686274509803922, 38.139646206191365, 0.22303350326074484
refl:, 0.8034845121081741, 0.7538461538461539, 37.27949726994566, 0.22705904809592412
refl:, 0.8034845121081741, 0.739622641509434, 36.46098976062103, 0.2307848034098803
refl:, 0.8034845121081741, 0.7259259259259259, 35.680884053707004, 0.23422545091606417
refl:, 0.8034845121081741, 0.7127272727272727, 34.93629688867566, 0.23741581764115224
refl:, 0.8034845121081741, 0.7, 34.22465020933728, 0.2403848764913808
refl:, 0.8034845121081741, 0.6877192982456141, 33.54362905484555, 0.2431428716707494
refl:, 0.8034845121081741, 0.6758620689655173, 32.89114661043291, 0.24572415170675363
refl:, 0.8034845121081741, 0.664406779661017, 32.265314978971055, 0.24813840328224182
refl:, 0.8034845121081741, 0.6533333333333333, 31.664420565727855, 0.25040273713988787
refl:, 0.8034845121081741, 0.6426229508196721, 31.086903214629274, 0.25253196124153804
refl:, 0.8034845121081741, 0.632258064516129, 30.531338419096144, 0.2545295545128729
refl:, 0.8034845121081741, 0.6222222222222222, 29.996422070856152, 0.2564097632917104
refl:, 0.8034845121081741, 0.6124999999999999, 29.480957317802616, 0.25818035868968736
refl:, 0.8034845121081741, 0.6030769230769231, 28.983843185365757, 0.25985023111508515
refl:, 0.8034845121081741, 0.593939393939394, 28.504064681021994, 0.2614276124301513
refl:, 0.8034845121081741, 0.5850746268656717, 28.0406841528977, 0.26291811665527787
refl:, 0.8034845121081741, 0.5764705882352942, 27.592833714170844, 0.2643291745764895
refl:, 0.8034845121081741, 0.5681159420289855, 27.159708577552564, 0.26566598871182523
refl:, 0.8034845121081741, 0.56, 26.740561170354134, 0.26693404942639615
refl:, 0.8034845121081741, 0.552112676056338, 26.33469592188663, 0.26813665227110817
refl:, 0.8034845121081741, 0.5444444444444444, 25.94146463225064, 0.26927899684834844
refl:, 0.8034845121081741, 0.536986301369863, 25.560262345758233, 0.27036445258236597
refl:, 0.8034845121081741, 0.5297297297297298, 25.190523663916437, 0.2713960886078548
refl:, 0.8034845121081741, 0.5226666666666667, 24.831719442577725, 0.2723780332257254
refl:, 0.8034845121081741, 0.5157894736842105, 24.483353825914165, 0.2733125148892459
refl:, 0.8034845121081741, 0.509090909090909, 24.144961576600384, 0.2742033977260486
refl:, 0.8034845121081741, 0.5025641025641026, 23.816105667237974, 0.2750529913430207
refl:, 0.8034845121081741, 0.4962025316455696, 23.496375102814216, 0.27586426844076173
refl:, 0.8034845121081741, 0.49, 23.185382948015043, 0.27663734677501994
refl:, 0.8034845121081741, 0.4839506172839506, 22.882764536632674, 0.27737573185494263
refl:, 0.8034845121081741, 0.47804878048780486, 22.58817584322306, 0.2780812936420583
refl:, 0.8034845121081741, 0.47228915662650606, 22.301291999661412, 0.27875531353354627
refl:, 0.8034845121081741, 0.4666666666666667, 22.021805941382443, 0.27939964499187403
refl:, 0.8034845121081741, 0.4611764705882353, 21.749427169932794, 0.28001715866165305
refl:, 0.8034845121081741, 0.4558139534883721, 21.483880620051718, 0.28060774659131044
refl:, 0.8034845121081741, 0.4505747126436782, 21.224905620871482, 0.2811726046306263
refl:, 0.8034845121081741, 0.4454545454545454, 20.972254942022712, 0.28171429605257803
refl:, 0.8034845121081741, 0.44044943820224725, 20.725693916468796, 0.28223249207745077
refl:, 0.8034845121081741, 0.43555555555555553, 20.48499963280006, 0.2827281010057711
refl:, 0.8034845121081741, 0.4307692307692308, 20.249960190511292, 0.28319112616713243
refl:, 0.8034845121081741, 0.4260869565217391, 20.020374012481035, 0.2836458743213633
refl:, 0.8034845121081741, 0.421505376344086, 19.79604920948226, 0.2840947565133043
refl:, 0.8034845121081741, 0.41702127659574467, 19.576802992091316, 0.28453036788499386
refl:, 0.8034845121081741, 0.4126315789473684, 19.362461125837058, 0.28493462157973437
refl:, 0.8034845121081741, 0.4083333333333333, 19.15285742585141, 0.28531873548583314
refl:, 0.8034845121081741, 0.4041237113402062, 18.9478332876545, 0.28567504842868957
refl:, 0.8034845121081741, 0.4, 18.747237251037504, 0.28599647716156523

Elapsed run time = 49.8252 s
