-----------
Initializing structure...
time for choose_chunkdivision = 0.000169992 s
Working in 3D dimensions.
Computational cell is 0.005 x 0.005 x 12 with resolution 200
time for set_epsilon = 0.0106392 s
-----------
Meep: using complex fields.
on time step 6564 (time=16.41), 0.000609408 s/step
on time step 13269 (time=33.1725), 0.000596623 s/step
on time step 19869 (time=49.6725), 0.000606064 s/step
field decay(t = 50.0025): 0.2130314156158124 / 0.2130314156158124 = 1.0
on time step 26409 (time=66.0225), 0.000611652 s/step
on time step 32972 (time=82.43), 0.000609484 s/step
on time step 39511 (time=98.7775), 0.00061173 s/step
field decay(t = 100.0025): 6.67105047299895e-13 / 0.2130314156158124 = 3.1314867122836633e-12
run 0 finished at t = 100.0025 (40001 timesteps)
-----------
Initializing structure...
time for choose_chunkdivision = 0.000164986 s
Working in 3D dimensions.
Computational cell is 0.005 x 0.005 x 12 with resolution 200
     block, center = (0,0,3)
          size (1e+20,1e+20,6)
          axes (1,0,0), (0,1,0), (0,0,1)
          dielectric constant epsilon diagonal = (12.25,12.25,12.25)
time for set_epsilon = 0.0227418 s
-----------
Meep: using complex fields.
on time step 6466 (time=16.165), 0.000618689 s/step
on time step 13022 (time=32.555), 0.000610153 s/step
on time step 19614 (time=49.035), 0.00060681 s/step
field decay(t = 50.0025): 0.21303141613860085 / 0.21303141613860085 = 1.0
on time step 26280 (time=65.7), 0.000600091 s/step
on time step 32830 (time=82.075), 0.000610696 s/step
on time step 39441 (time=98.6025), 0.000605056 s/step
field decay(t = 100.0025): 1.5690410757024562e-12 / 0.21303141613860085 = 7.365303691553262e-12
run 0 finished at t = 100.0025 (40001 timesteps)
refl:, 0.7169705454388076, 0.8, 35.0, 0.23722418082851932
refl:, 0.7169705454388076, 0.784, 34.201491482224874, 0.24064414693065456
refl:, 0.7169705454388076, 0.7686274509803922, 33.4413597291606, 0.24375913872534827
refl:, 0.7169705454388076, 0.7538461538461539, 32.71669424141867, 0.24666958336725148
refl:, 0.7169705454388076, 0.739622641509434, 32.02489215108529, 0.24932609786908214
refl:, 0.7169705454388076, 0.7259259259259259, 31.363616172201723, 0.2517912384770882
refl:, 0.7169705454388076, 0.7127272727272727, 30.73075960358516, 0.254090004325055
refl:, 0.7169705454388076, 0.7, 30.12441698853809, 0.2562387679022794
refl:, 0.7169705454388076, 0.6877192982456141, 29.542859352190995, 0.25825434551064896
refl:, 0.7169705454388076, 0.6758620689655173, 28.984513173223203, 0.2601398159211844
refl:, 0.7169705454388076, 0.664406779661017, 28.447942424882076, 0.26191489547514174
refl:, 0.7169705454388076, 0.6533333333333333, 27.931833156170086, 0.2635796367355846
refl:, 0.7169705454388076, 0.6426229508196721, 27.43498018882287, 0.2651456518629248
refl:, 0.7169705454388076, 0.632258064516129, 26.95627558715663, 0.26662447455144334
refl:, 0.7169705454388076, 0.6222222222222222, 26.49469862174186, 0.26801782344412517
refl:, 0.7169705454388076, 0.6124999999999999, 26.049306998353728, 0.2693320749973277
refl:, 0.7169705454388076, 0.6030769230769231, 25.619229163859046, 0.27057193666740537
refl:, 0.7169705454388076, 0.593939393939394, 25.20365753294407, 0.27174599267238253
refl:, 0.7169705454388076, 0.5850746268656717, 24.80184250561243, 0.27285724224011376
refl:, 0.7169705454388076, 0.5764705882352942, 24.41308716651858, 0.2739092295798656
refl:, 0.7169705454388076, 0.5681159420289855, 24.036742574466203, 0.27490726759420586
refl:, 0.7169705454388076, 0.56, 23.672203564580393, 0.2758548222771796
refl:, 0.7169705454388076, 0.552112676056338, 23.318904997368072, 0.2767552481840845
refl:, 0.7169705454388076, 0.5444444444444444, 22.976318398592397, 0.2776104718045229
refl:, 0.7169705454388076, 0.536986301369863, 22.643948941980693, 0.2784242944185094
refl:, 0.7169705454388076, 0.5297297297297298, 22.321332733561132, 0.27919784693362915
refl:, 0.7169705454388076, 0.5226666666666667, 22.008034362119382, 0.27993448088814404
refl:, 0.7169705454388076, 0.5157894736842105, 21.703644685073712, 0.28063602409254507
refl:, 0.7169705454388076, 0.509090909090909, 21.407778823139967, 0.281304089700436
refl:, 0.7169705454388076, 0.5025641025641026, 21.120074340620857, 0.2819412103814822
refl:, 0.7169705454388076, 0.4962025316455696, 20.840189591108683, 0.28254942888278295
refl:, 0.7169705454388076, 0.49, 20.56780221092012, 0.28313014347121146
refl:, 0.7169705454388076, 0.4839506172839506, 20.302607744753697, 0.283683974022028
refl:, 0.7169705454388076, 0.47804878048780486, 20.044318389931625, 0.2842134705413502
refl:, 0.7169705454388076, 0.47228915662650606, 19.79266184720379, 0.28471885823807236
refl:, 0.7169705454388076, 0.4666666666666667, 19.54738026749198, 0.2852024639299197
refl:, 0.7169705454388076, 0.4611764705882353, 19.308229285168313, 0.2856624300490711
refl:, 0.7169705454388076, 0.4558139534883721, 19.07497712952083, 0.28610444421409986
refl:, 0.7169705454388076, 0.4505747126436782, 18.847403806983923, 0.28652639125882406
refl:, 0.7169705454388076, 0.4454545454545454, 18.62530034751981, 0.28692978686479853
refl:, 0.7169705454388076, 0.44044943820224725, 18.408468109247096, 0.287316228955099
refl:, 0.7169705454388076, 0.43555555555555553, 18.196718136035763, 0.2876909565495583
refl:, 0.7169705454388076, 0.4307692307692308, 17.98987056333767, 0.2880415489113039
refl:, 0.7169705454388076, 0.4260869565217391, 17.787754068005896, 0.2883751999830393
refl:, 0.7169705454388076, 0.421505376344086, 17.590205358285754, 0.2886889558010982
refl:, 0.7169705454388076, 0.41702127659574467, 17.39706870053973, 0.28901595126286517
refl:, 0.7169705454388076, 0.4126315789473684, 17.20819547960629, 0.28931145856683455
refl:, 0.7169705454388076, 0.4083333333333333, 17.02344378999232, 0.28960575473635125
refl:, 0.7169705454388076, 0.4041237113402062, 16.842678055366356, 0.2898846288969479
refl:, 0.7169705454388076, 0.4, 16.665768674058118, 0.2901403454691498

Elapsed run time = 48.6817 s
