-----------
Initializing structure...
time for choose_chunkdivision = 0.000159979 s
Working in 3D dimensions.
Computational cell is 0.005 x 0.005 x 12 with resolution 200
time for set_epsilon = 0.0105178 s
-----------
Meep: using complex fields.
on time step 6421 (time=16.0525), 0.000623067 s/step
on time step 12991 (time=32.4775), 0.000608874 s/step
on time step 19549 (time=48.8725), 0.000609973 s/step
field decay(t = 50.0025): 0.23700354176730534 / 0.23700354176730534 = 1.0
on time step 25831 (time=64.5775), 0.000636771 s/step
on time step 32365 (time=80.9125), 0.000612193 s/step
on time step 38736 (time=96.84), 0.000627923 s/step
field decay(t = 100.0025): 2.680094625858004e-13 / 0.23700354176730534 = 1.1308247150539938e-12
run 0 finished at t = 100.0025 (40001 timesteps)
-----------
Initializing structure...
time for choose_chunkdivision = 0.00018096 s
Working in 3D dimensions.
Computational cell is 0.005 x 0.005 x 12 with resolution 200
     block, center = (0,0,3)
          size (1e+20,1e+20,6)
          axes (1,0,0), (0,1,0), (0,0,1)
          dielectric constant epsilon diagonal = (12.25,12.25,12.25)
time for set_epsilon = 0.025578 s
-----------
Meep: using complex fields.
on time step 5980 (time=14.95), 0.000668948 s/step
on time step 12216 (time=30.54), 0.000641463 s/step
on time step 18349 (time=45.8725), 0.000652272 s/step
field decay(t = 50.0025): 0.23700354201018473 / 0.23700354201018473 = 1.0
on time step 24494 (time=61.235), 0.000650947 s/step
on time step 30807 (time=77.0175), 0.000633707 s/step
on time step 37207 (time=93.0175), 0.000625026 s/step
field decay(t = 100.0025): 8.975450404647202e-13 / 0.23700354201018473 = 3.787053277145327e-12
run 0 finished at t = 100.0025 (40001 timesteps)
refl:, 0.4275251791570859, 0.8, 20.0, 0.28591942816553145
refl:, 0.4275251791570859, 0.784, 19.583468236198428, 0.28673212242817864
refl:, 0.4275251791570859, 0.7686274509803922, 19.184283570762837, 0.2874963682935025
refl:, 0.4275251791570859, 0.7538461538461539, 18.80136282780684, 0.2882936503809847
refl:, 0.4275251791570859, 0.739622641509434, 18.433712921276232, 0.2890391170469158
refl:, 0.4275251791570859, 0.7259259259259259, 18.080421505473552, 0.2897309461932126
refl:, 0.4275251791570859, 0.7127272727272727, 17.74064878668832, 0.2903657960382125
refl:, 0.4275251791570859, 0.7, 17.413620328364388, 0.2909690219605165
refl:, 0.4275251791570859, 0.6877192982456141, 17.098620709730763, 0.2915449388202203
refl:, 0.4275251791570859, 0.6758620689655173, 16.794987920274295, 0.292076009009301
refl:, 0.4275251791570859, 0.664406779661017, 16.50210839086207, 0.29257577649176514
refl:, 0.4275251791570859, 0.6533333333333333, 16.21941257752279, 0.293040978189924
refl:, 0.4275251791570859, 0.6426229508196721, 15.946371026493122, 0.29348222312906747
refl:, 0.4275251791570859, 0.632258064516129, 15.682490859619808, 0.2939013022607168
refl:, 0.4275251791570859, 0.6222222222222222, 15.427312627971409, 0.29429747251685084
refl:, 0.4275251791570859, 0.6124999999999999, 15.18040748886694, 0.29467043739041127
refl:, 0.4275251791570859, 0.6030769230769231, 14.941374667722823, 0.2950227462723862
refl:, 0.4275251791570859, 0.593939393939394, 14.709839171355561, 0.2953572384620693
refl:, 0.4275251791570859, 0.5850746268656717, 14.485449723819883, 0.29567068036711985
refl:, 0.4275251791570859, 0.5764705882352942, 14.267876899642369, 0.2959665459910846
refl:, 0.4275251791570859, 0.5681159420289855, 14.056811432538773, 0.29624652805403273
refl:, 0.4275251791570859, 0.56, 13.851962680467771, 0.29651210910112813
refl:, 0.4275251791570859, 0.552112676056338, 13.653057230248155, 0.2967628162179272
refl:, 0.4275251791570859, 0.5444444444444444, 13.459837627011849, 0.29700085507968926
refl:, 0.4275251791570859, 0.536986301369863, 13.272061215531336, 0.29722626929166907
refl:, 0.4275251791570859, 0.5297297297297298, 13.089499081989581, 0.2974383713998086
refl:, 0.4275251791570859, 0.5226666666666667, 12.911935086088024, 0.2976385451381212
refl:, 0.4275251791570859, 0.5157894736842105, 12.73916497454351, 0.29782769864937275
refl:, 0.4275251791570859, 0.509090909090909, 12.570995568032437, 0.29800674946578287
refl:, 0.4275251791570859, 0.5025641025641026, 12.407244014521105, 0.2981759245643963
refl:, 0.4275251791570859, 0.4962025316455696, 12.247737102692609, 0.2983369269125889
refl:, 0.4275251791570859, 0.49, 12.092310629857906, 0.2984879421407271
refl:, 0.4275251791570859, 0.4839506172839506, 11.94080881933422, 0.2986305314954368
refl:, 0.4275251791570859, 0.47804878048780486, 11.793083782798943, 0.2987639833385755
refl:, 0.4275251791570859, 0.47228915662650606, 11.648995023590732, 0.2988893753333221
refl:, 0.4275251791570859, 0.4666666666666667, 11.508408977339421, 0.29900697066304227
refl:, 0.4275251791570859, 0.4611764705882353, 11.37119858666983, 0.29912038194978113
refl:, 0.4275251791570859, 0.4558139534883721, 11.23724290704701, 0.2992253023944134
refl:, 0.4275251791570859, 0.4505747126436782, 11.106426741117268, 0.2993254768553804
refl:, 0.4275251791570859, 0.4454545454545454, 10.978640299154753, 0.2994191545461231
refl:, 0.4275251791570859, 0.44044943820224725, 10.853778883451254, 0.2995073347105417
refl:, 0.4275251791570859, 0.43555555555555553, 10.731742594690267, 0.2995815351026263
refl:, 0.4275251791570859, 0.4307692307692308, 10.61243605852877, 0.29964775597828125
refl:, 0.4275251791570859, 0.4260869565217391, 10.495768170772996, 0.299715660242758
refl:, 0.4275251791570859, 0.421505376344086, 10.381651859681224, 0.2997949262802933
refl:, 0.4275251791570859, 0.41702127659574467, 10.270003864057921, 0.29985052776865107
refl:, 0.4275251791570859, 0.4126315789473684, 10.160744525922071, 0.29992035773843484
refl:, 0.4275251791570859, 0.4083333333333333, 10.053797596639106, 0.2999600057201716
refl:, 0.4275251791570859, 0.4041237113402062, 9.949090055502005, 0.30000919465966586
refl:, 0.4275251791570859, 0.4, 9.846551939834079, 0.3000395223029568

Elapsed run time = 50.5694 s
